[2026-04-17 15:29:45.642]  INFO 19920
            --- [  restartedMain] c.k.a.AllPickApplication                 : Starting AllPickApplication using Java 21.0.9 with PID 19920 (C:\Users\adminn\Desktop\AP\AllPick\bin\main started by adminn in C:\Users\adminn\Desktop\AP\AllPick)
[2026-04-17 15:29:45.658]  INFO 19920
            --- [  restartedMain] c.k.a.AllPickApplication                 : No active profile set, falling back to 1 default profile: "default"
[2026-04-17 15:29:45.690]  INFO 19920
            --- [  restartedMain] .e.DevToolsPropertyDefaultsPostProcessor : Devtools property defaults active! Set 'spring.devtools.add-properties' to 'false' to disable
[2026-04-17 15:29:45.690]  INFO 19920
            --- [  restartedMain] .e.DevToolsPropertyDefaultsPostProcessor : For additional web related logging consider setting the 'logging.level.web' property to 'DEBUG'
[2026-04-17 15:29:45.852]  INFO 19920
            --- [kground-preinit] o.h.v.i.u.Version                        : HV000001: Hibernate Validator 9.0.1.Final
[2026-04-17 15:29:46.237]  INFO 19920
            --- [  restartedMain] .s.d.r.c.RepositoryConfigurationDelegate : Bootstrapping Spring Data JPA repositories in DEFAULT mode.
[2026-04-17 15:29:46.296]  INFO 19920
            --- [  restartedMain] .s.d.r.c.RepositoryConfigurationDelegate : Finished Spring Data repository scanning in 54 ms. Found 4 JPA repository interfaces.
[2026-04-17 15:29:46.708]  INFO 19920
            --- [  restartedMain] o.s.b.t.TomcatWebServer                  : Tomcat initialized with port 8080 (http)
[2026-04-17 15:29:46.718]  INFO 19920
            --- [  restartedMain] o.a.c.h.Http11NioProtocol                : Initializing ProtocolHandler ["http-nio-8080"]
[2026-04-17 15:29:46.719]  INFO 19920
            --- [  restartedMain] o.a.c.c.StandardService                  : Starting service [Tomcat]
[2026-04-17 15:29:46.719]  INFO 19920
            --- [  restartedMain] o.a.c.c.StandardEngine                   : Starting Servlet engine: [Apache Tomcat/11.0.20]
[2026-04-17 15:29:46.751]  INFO 19920
            --- [  restartedMain] b.w.c.s.WebApplicationContextInitializer : Root WebApplicationContext: initialization completed in 1061 ms
[2026-04-17 15:29:46.884]  INFO 19920
            --- [  restartedMain] o.h.o.jpa                                : HHH008540: Processing PersistenceUnitInfo [name: default]
[2026-04-17 15:29:46.937]  INFO 19920
            --- [  restartedMain] o.h.o.core                               : HHH000001: Hibernate ORM core version 7.2.7.Final
[2026-04-17 15:29:47.288]  INFO 19920
            --- [  restartedMain] o.s.o.j.p.SpringPersistenceUnitInfo      : No LoadTimeWeaver setup: ignoring JPA class transformer
[2026-04-17 15:29:47.317]  INFO 19920
            --- [  restartedMain] c.z.h.HikariDataSource                   : HikariPool-1 - Starting...
[2026-04-17 15:29:47.622]  INFO 19920
            --- [  restartedMain] c.z.h.p.HikariPool                       : HikariPool-1 - Added connection com.mysql.cj.jdbc.ConnectionImpl@3472d1b7
[2026-04-17 15:29:47.623]  INFO 19920
            --- [  restartedMain] c.z.h.HikariDataSource                   : HikariPool-1 - Start completed.
[2026-04-17 15:29:47.671]  WARN 19920
            --- [  restartedMain] o.h.o.deprecation                        : HHH90000025: MySQLDialect does not need to be specified explicitly using 'hibernate.dialect' (remove the property setting and it will be selected by default)
[2026-04-17 15:29:47.686]  INFO 19920
            --- [  restartedMain] o.h.o.c.pooling                          : HHH10001005: Database info:
	Database JDBC URL [jdbc:mysql://localhost:3306/allpick?serverTimezone=Asia/Seoul&characterEncoding=UTF-8]
	Database driver: MySQL Connector/J
	Database dialect: MySQLDialect
	Database version: 8.0.45
	Default catalog/schema: allpick/undefined
	Autocommit mode: undefined/unknown
	Isolation level: REPEATABLE_READ [default REPEATABLE_READ]
	JDBC fetch size: none
	Pool: DataSourceConnectionProvider
	Minimum pool size: undefined/unknown
	Maximum pool size: undefined/unknown
[2026-04-17 15:29:48.432]  INFO 19920
            --- [  restartedMain] o.h.o.core                               : HHH000489: No JTA platform available (set 'hibernate.transaction.jta.platform' to enable JTA platform integration)
[2026-04-17 15:29:48.753]  INFO 19920
            --- [  restartedMain] j.LocalContainerEntityManagerFactoryBean : Initialized JPA EntityManagerFactory for persistence unit 'default'
[2026-04-17 15:29:48.806]  INFO 19920
            --- [  restartedMain] o.s.d.j.r.q.QueryEnhancerFactories       : Hibernate is in classpath; If applicable, HQL parser will be used.
[2026-04-17 15:29:49.030]  WARN 19920
            --- [  restartedMain] JpaBaseConfiguration$JpaWebConfiguration : spring.jpa.open-in-view is enabled by default. Therefore, database queries may be performed during view rendering. Explicitly configure spring.jpa.open-in-view to disable this warning
[2026-04-17 15:29:49.078]  WARN 19920
            --- [  restartedMain] .s.a.UserDetailsServiceAutoConfiguration : 

Using generated security password: 86ff2755-eaee-4afc-aaa8-0574b4b47b69

This generated password is for development use only. Your security configuration must be updated before running your application in production.

[2026-04-17 15:29:49.083]  INFO 19920
            --- [  restartedMain] r$InitializeUserDetailsManagerConfigurer : Global AuthenticationManager configured with UserDetailsService bean with name inMemoryUserDetailsManager
[2026-04-17 15:29:49.452]  INFO 19920
            --- [  restartedMain] o.a.c.h.Http11NioProtocol                : Starting ProtocolHandler ["http-nio-8080"]
[2026-04-17 15:29:49.485]  INFO 19920
            --- [  restartedMain] o.s.b.t.TomcatWebServer                  : Tomcat started on port 8080 (http) with context path '/'
[2026-04-17 15:29:49.491]  INFO 19920
            --- [  restartedMain] c.k.a.AllPickApplication                 : Started AllPickApplication in 4.083 seconds (process running for 4.796)
