[2026-04-17 14:41:00.195]  INFO 20808
            --- [  restartedMain] c.k.a.AllPickApplication                 : Starting AllPickApplication using Java 21.0.9 with PID 20808 (C:\Users\adminn\Desktop\AP\AllPick\bin\main started by adminn in C:\Users\adminn\Desktop\AP\AllPick)
[2026-04-17 14:41:00.207]  INFO 20808
            --- [  restartedMain] c.k.a.AllPickApplication                 : No active profile set, falling back to 1 default profile: "default"
[2026-04-17 14:41:00.241]  INFO 20808
            --- [  restartedMain] .e.DevToolsPropertyDefaultsPostProcessor : Devtools property defaults active! Set 'spring.devtools.add-properties' to 'false' to disable
[2026-04-17 14:41:00.242]  INFO 20808
            --- [  restartedMain] .e.DevToolsPropertyDefaultsPostProcessor : For additional web related logging consider setting the 'logging.level.web' property to 'DEBUG'
[2026-04-17 14:41:00.413]  INFO 20808
            --- [kground-preinit] o.h.v.i.u.Version                        : HV000001: Hibernate Validator 9.0.1.Final
[2026-04-17 14:41:00.786]  INFO 20808
            --- [  restartedMain] .s.d.r.c.RepositoryConfigurationDelegate : Bootstrapping Spring Data JPA repositories in DEFAULT mode.
[2026-04-17 14:41:00.847]  INFO 20808
            --- [  restartedMain] .s.d.r.c.RepositoryConfigurationDelegate : Finished Spring Data repository scanning in 55 ms. Found 4 JPA repository interfaces.
[2026-04-17 14:41:01.303]  INFO 20808
            --- [  restartedMain] o.s.b.t.TomcatWebServer                  : Tomcat initialized with port 8080 (http)
[2026-04-17 14:41:01.314]  INFO 20808
            --- [  restartedMain] o.a.c.h.Http11NioProtocol                : Initializing ProtocolHandler ["http-nio-8080"]
[2026-04-17 14:41:01.315]  INFO 20808
            --- [  restartedMain] o.a.c.c.StandardService                  : Starting service [Tomcat]
[2026-04-17 14:41:01.315]  INFO 20808
            --- [  restartedMain] o.a.c.c.StandardEngine                   : Starting Servlet engine: [Apache Tomcat/11.0.20]
[2026-04-17 14:41:01.351]  INFO 20808
            --- [  restartedMain] b.w.c.s.WebApplicationContextInitializer : Root WebApplicationContext: initialization completed in 1109 ms
[2026-04-17 14:41:01.478]  INFO 20808
            --- [  restartedMain] o.h.o.jpa                                : HHH008540: Processing PersistenceUnitInfo [name: default]
[2026-04-17 14:41:01.533]  INFO 20808
            --- [  restartedMain] o.h.o.core                               : HHH000001: Hibernate ORM core version 7.2.7.Final
[2026-04-17 14:41:01.876]  INFO 20808
            --- [  restartedMain] o.s.o.j.p.SpringPersistenceUnitInfo      : No LoadTimeWeaver setup: ignoring JPA class transformer
[2026-04-17 14:41:01.904]  INFO 20808
            --- [  restartedMain] c.z.h.HikariDataSource                   : HikariPool-1 - Starting...
[2026-04-17 14:41:02.192]  INFO 20808
            --- [  restartedMain] c.z.h.p.HikariPool                       : HikariPool-1 - Added connection com.mysql.cj.jdbc.ConnectionImpl@5dd445b2
[2026-04-17 14:41:02.193]  INFO 20808
            --- [  restartedMain] c.z.h.HikariDataSource                   : HikariPool-1 - Start completed.
[2026-04-17 14:41:02.241]  WARN 20808
            --- [  restartedMain] o.h.o.deprecation                        : HHH90000025: MySQLDialect does not need to be specified explicitly using 'hibernate.dialect' (remove the property setting and it will be selected by default)
[2026-04-17 14:41:02.256]  INFO 20808
            --- [  restartedMain] o.h.o.c.pooling                          : HHH10001005: Database info:
	Database JDBC URL [jdbc:mysql://localhost:3306/allpick?serverTimezone=Asia/Seoul&characterEncoding=UTF-8]
	Database driver: MySQL Connector/J
	Database dialect: MySQLDialect
	Database version: 8.0.45
	Default catalog/schema: allpick/undefined
	Autocommit mode: undefined/unknown
	Isolation level: REPEATABLE_READ [default REPEATABLE_READ]
	JDBC fetch size: none
	Pool: DataSourceConnectionProvider
	Minimum pool size: undefined/unknown
	Maximum pool size: undefined/unknown
[2026-04-17 14:41:03.089]  INFO 20808
            --- [  restartedMain] o.h.o.core                               : HHH000489: No JTA platform available (set 'hibernate.transaction.jta.platform' to enable JTA platform integration)
[2026-04-17 14:41:03.433]  INFO 20808
            --- [  restartedMain] j.LocalContainerEntityManagerFactoryBean : Initialized JPA EntityManagerFactory for persistence unit 'default'
[2026-04-17 14:41:03.492]  INFO 20808
            --- [  restartedMain] o.s.d.j.r.q.QueryEnhancerFactories       : Hibernate is in classpath; If applicable, HQL parser will be used.
[2026-04-17 14:41:03.723]  WARN 20808
            --- [  restartedMain] JpaBaseConfiguration$JpaWebConfiguration : spring.jpa.open-in-view is enabled by default. Therefore, database queries may be performed during view rendering. Explicitly configure spring.jpa.open-in-view to disable this warning
[2026-04-17 14:41:03.769]  WARN 20808
            --- [  restartedMain] .s.a.UserDetailsServiceAutoConfiguration : 

Using generated security password: 61b15233-309a-4ee9-b99a-90cd70e2f359

This generated password is for development use only. Your security configuration must be updated before running your application in production.

[2026-04-17 14:41:03.782]  INFO 20808
            --- [  restartedMain] r$InitializeUserDetailsManagerConfigurer : Global AuthenticationManager configured with UserDetailsService bean with name inMemoryUserDetailsManager
[2026-04-17 14:41:04.153]  INFO 20808
            --- [  restartedMain] o.a.c.h.Http11NioProtocol                : Starting ProtocolHandler ["http-nio-8080"]
[2026-04-17 14:41:04.169]  INFO 20808
            --- [  restartedMain] o.s.b.t.TomcatWebServer                  : Tomcat started on port 8080 (http) with context path '/'
[2026-04-17 14:41:04.174]  INFO 20808
            --- [  restartedMain] c.k.a.AllPickApplication                 : Started AllPickApplication in 4.215 seconds (process running for 5.016)
