[2026-04-17 15:28:56.131]  INFO 8588
            --- [  restartedMain] c.k.a.AllPickApplication                 : Starting AllPickApplication using Java 21.0.9 with PID 8588 (C:\Users\adminn\Desktop\AP\AllPick\bin\main started by adminn in C:\Users\adminn\Desktop\AP\AllPick)
[2026-04-17 15:28:56.146]  INFO 8588
            --- [  restartedMain] c.k.a.AllPickApplication                 : No active profile set, falling back to 1 default profile: "default"
[2026-04-17 15:28:56.181]  INFO 8588
            --- [  restartedMain] .e.DevToolsPropertyDefaultsPostProcessor : Devtools property defaults active! Set 'spring.devtools.add-properties' to 'false' to disable
[2026-04-17 15:28:56.182]  INFO 8588
            --- [  restartedMain] .e.DevToolsPropertyDefaultsPostProcessor : For additional web related logging consider setting the 'logging.level.web' property to 'DEBUG'
[2026-04-17 15:28:56.336]  INFO 8588
            --- [kground-preinit] o.h.v.i.u.Version                        : HV000001: Hibernate Validator 9.0.1.Final
[2026-04-17 15:28:56.740]  INFO 8588
            --- [  restartedMain] .s.d.r.c.RepositoryConfigurationDelegate : Bootstrapping Spring Data JPA repositories in DEFAULT mode.
[2026-04-17 15:28:56.804]  INFO 8588
            --- [  restartedMain] .s.d.r.c.RepositoryConfigurationDelegate : Finished Spring Data repository scanning in 58 ms. Found 4 JPA repository interfaces.
[2026-04-17 15:28:57.262]  INFO 8588
            --- [  restartedMain] o.s.b.t.TomcatWebServer                  : Tomcat initialized with port 8080 (http)
[2026-04-17 15:28:57.273]  INFO 8588
            --- [  restartedMain] o.a.c.h.Http11NioProtocol                : Initializing ProtocolHandler ["http-nio-8080"]
[2026-04-17 15:28:57.274]  INFO 8588
            --- [  restartedMain] o.a.c.c.StandardService                  : Starting service [Tomcat]
[2026-04-17 15:28:57.274]  INFO 8588
            --- [  restartedMain] o.a.c.c.StandardEngine                   : Starting Servlet engine: [Apache Tomcat/11.0.20]
[2026-04-17 15:28:57.313]  INFO 8588
            --- [  restartedMain] b.w.c.s.WebApplicationContextInitializer : Root WebApplicationContext: initialization completed in 1131 ms
[2026-04-17 15:28:57.323] ERROR 8588
            --- [  restartedMain] t.s.DeferredServletContainerInitializers : Error starting Tomcat context. Exception: org.springframework.beans.factory.UnsatisfiedDependencyException. Message: Error creating bean with name 'jwtAuthFilter' defined in file [C:\Users\adminn\Desktop\AP\AllPick\bin\main\co\kr\allpick\global\filter\JwtAuthFilter.class]: Unsatisfied dependency expressed through constructor parameter 0: Error creating bean with name 'jwtProvider' defined in file [C:\Users\adminn\Desktop\AP\AllPick\bin\main\co\kr\allpick\global\config\JwtProvider.class]: Unsatisfied dependency expressed through constructor parameter 0: Error creating bean with name 'jwtProperties': Could not bind properties to 'JwtProperties' : prefix=jwt, ignoreInvalidFields=false, ignoreUnknownFields=true
[2026-04-17 15:28:57.341]  INFO 8588
            --- [  restartedMain] o.a.c.c.StandardService                  : Stopping service [Tomcat]
[2026-04-17 15:28:57.349]  WARN 8588
            --- [  restartedMain] ConfigServletWebServerApplicationContext : Exception encountered during context initialization - cancelling refresh attempt: org.springframework.context.ApplicationContextException: Unable to start web server
[2026-04-17 15:28:57.354]  INFO 8588
            --- [  restartedMain] .s.b.a.l.ConditionEvaluationReportLogger : 

Error starting ApplicationContext. To display the condition evaluation report re-run your application with 'debug' enabled.
[2026-04-17 15:28:57.363] ERROR 8588
            --- [  restartedMain] o.s.b.d.LoggingFailureAnalysisReporter   : 

***************************
APPLICATION FAILED TO START
***************************

Description:

Failed to bind properties under 'jwt.expiration-time' to long:

    Property: jwt.expiration-time
    Value: "${JWT_EXPIRATION_TIME}"
    Origin: class path resource [application.properties] - 13:21
    Reason: failed to convert java.lang.String to long (caused by java.lang.NumberFormatException: For input string: "${JWT_EXPIRATION_TIME}")

Action:

Update your application's configuration

